// Jest Snapshot v1, https://goo.gl/fbAQLP

exports[`Button renders the button component 1`] = `
<button
  className="buttons h-100px"
  onClick={[Function]}
  type="button"
>
  0
</button>
`;
