// Jest Snapshot v1, https://goo.gl/fbAQLP

exports[`Display renders the diplay component 1`] = `
<div
  className="display flex h-100"
>
  <p>
    0
  </p>
</div>
`;
