// Jest Snapshot v1, https://goo.gl/fbAQLP

exports[`renders the Quote Page correctly without errors 1`] = `
<section
  className="pt-5"
>
  <h2
    className="text-center"
  >
    Mathematics is not about numbers, equations, computations, or algorithms: it is about understanding. â€“William Paul Thurston
  </h2>
</section>
`;
